#Ir al directorio del proyecto
C:\Users\anast>cd C:/R

C:\R>git --version
#Limpiar Cache 
C:\R>git rm -r --cached .

#Reset
C:\R>git reset HEAD~1

C:\R>git init
#Initialized empty Git repository in C:/R/.git/

# C:\R>git add *
C:\R>git add SubirProyectoGit.txt

#Ver estado
C:\R>git status

#Añadir la ruta del git
C:\R>git remote add origin https://github.com/analystanastasia/BigData.git 

#Eliminar C:\R>git remote rm origin

#Configurar solo la primera vez
	$ git config --global user.name "John Doe"
	$ git config --global user.email johndoe@example.com
	git config --global http.proxy http://MyProxy:8080
	git config --global http.https://domain.com.sslVerify false
#Fin

#Hacer Commit -m= mensaje
C:\R>git commit -m "Como subir ficheros a Git"

C:\R>git status

#PUSH
C:\R>git push origin master

#Ver Usuario
C:\R>git config --global user.name
AnastasiaEs


#Errores

C:\R\ProyectoBigData>git status
On branch master
nothing to commit, working tree clean

C:\R\ProyectoBigData>git push origin master
To https://github.com/analystanastasia/BigData.git
 ! [rejected]        master -> master (fetch first)
error: failed to push some refs to 'https://github.com/analystanastasia/BigData.git'
hint: Updates were rejected because the remote contains work that you do
hint: not have locally. This is usually caused by another repository pushing
hint: to the same ref. You may want to first integrate the remote changes
hint: (e.g., 'git pull ...') before pushing again.
hint: See the 'Note about fast-forwards' in 'git push --help' for details.

C:\R\ProyectoBigData>git pull origin master
warning: no common commits
remote: Enumerating objects: 6, done.
remote: Counting objects: 100% (6/6), done.
remote: Compressing objects: 100% (2/2), done.
remote: Total 6 (delta 0), reused 0 (delta 0), pack-reused 0
Unpacking objects: 100% (6/6), done.
From https://github.com/analystanastasia/BigData
 * branch            master     -> FETCH_HEAD
 * [new branch]      master     -> origin/master
fatal: refusing to merge unrelated histories

C:\R\ProyectoBigData>git pull origin master --allow-unrelated-histories

From https://github.com/analystanastasia/BigData
 * branch            master     -> FETCH_HEAD
Merge made by the 'recursive' strategy.
 README.md | 4 ++++
 1 file changed, 4 insertions(+)
 create mode 100644 README.md

C:\R\ProyectoBigData>git status
On branch master
nothing to commit, working tree clean

C:\R\ProyectoBigData>git commit -m "Como subir ficheros a Git"
On branch master
nothing to commit, working tree clean

C:\R\ProyectoBigData>git push origin master
Enumerating objects: 6, done.
Counting objects: 100% (6/6), done.
Delta compression using up to 4 threads
Compressing objects: 100% (4/4), done.
Writing objects: 100% (5/5), 1020 bytes | 1020.00 KiB/s, done.
Total 5 (delta 0), reused 0 (delta 0)
To https://github.com/analystanastasia/BigData.git
   aef9c58..4ebdd86  master -> master

